SQL> grant references on "IDB"."ORGANIZATION"  to BMTS;

Grant succeeded.

SQL> ALTER TABLE "BMTS"."FNCTN_ORG" ADD CONSTRAINT "FK_FO_ORG" FOREIGN KEY ("ORG_CODE") REFERENCES "IDB"."ORGANIZATION" ("ORG_CODE") ENABLE;

Table altered.

SQL> ALTER TABLE "BMTS"."FUNDING_CATEGORY_JOURNAL" ADD CONSTRAINT "R_87" FOREIGN KEY ("ORG_CODE") REFERENCES "IDB"."ORGANIZATION" ("ORG_CODE") ENABLE
ALTER TABLE "BMTS"."OFC_JOURNAL" ADD CONSTRAINT "FK_OJ_ORG" FOREIGN KEY ("ORG_CODE") REFERENCES "IDB"."ORGANIZATION" ("ORG_CODE") ENABLE
ALTER TABLE "BMTS"."OFFICE_PROJECT_JOURNAL" ADD CONSTRAINT "R_100" FOREIGN KEY ("ORG_CD") REFERENCES "IDB"."ORGANIZATION" ("ORG_CODE") ENABLE  2    3
  4  ;
ALTER TABLE "BMTS"."OFC_JOURNAL" ADD CONSTRAINT "FK_OJ_ORG" FOREIGN KEY ("ORG_CODE") REFERENCES "IDB"."ORGANIZATION" ("ORG_CODE") ENABLE
*
ERROR at line 2:
ORA-01735: invalid ALTER TABLE option


SQL> ALTER TABLE "BMTS"."FUNDING_CATEGORY_JOURNAL" ADD CONSTRAINT "R_87" FOREIGN KEY ("ORG_CODE") REFERENCES "IDB"."ORGANIZATION" ("ORG_CODE") ENABLE;

Table altered.

SQL> ALTER TABLE "BMTS"."OFC_JOURNAL" ADD CONSTRAINT "FK_OJ_ORG" FOREIGN KEY ("ORG_CODE") REFERENCES "IDB"."ORGANIZATION" ("ORG_CODE") ENABLE;

Table altered.

SQL> ALTER TABLE "BMTS"."OFFICE_PROJECT_JOURNAL" ADD CONSTRAINT "R_100" FOREIGN KEY ("ORG_CD") REFERENCES "IDB"."ORGANIZATION" ("ORG_CODE") ENABLE;

Table altered.

SQL>
